// Jest Snapshot v1, https://goo.gl/fbAQLP

exports[`HomePage renders correctly 1`] = `
<div
  className="makeStyles-grow-2"
>
  <div
    className="application"
  >
    <div />
  </div>
  <h1>
    This is the Home page
  </h1>
  <img
    alt="duyonoStonePng"
    src="test-file-stub"
  />
</div>
`;
