// Jest Snapshot v1, https://goo.gl/fbAQLP

exports[`HomePage renders correctly 1`] = `
<div>
  <div
    className="application"
  >
    <div />
  </div>
  <h1>
    This is the Home page
  </h1>
  <img
    alt="duyonoStonePng"
    src="test-file-stub"
  />
  <button
    className="MuiButtonBase-root-29 MuiButton-root-3 MuiButton-text-5 MuiButton-textSecondary-7 MuiButton-flat-8 MuiButton-flatSecondary-10 HomePage-button-1"
    disabled={false}
    onBlur={[Function]}
    onContextMenu={[Function]}
    onFocus={[Function]}
    onKeyDown={[Function]}
    onKeyUp={[Function]}
    onMouseDown={[Function]}
    onMouseLeave={[Function]}
    onMouseUp={[Function]}
    onTouchEnd={[Function]}
    onTouchMove={[Function]}
    onTouchStart={[Function]}
    tabIndex="0"
    type="button"
  >
    <span
      className="MuiButton-label-4"
    >
      Primary
    </span>
    <span
      className="MuiTouchRipple-root-32"
    />
  </button>
</div>
`;
