// Jest Snapshot v1, https://goo.gl/fbAQLP

exports[`AppRouter should render 1`] = `
<div>
  <div />
  <nav>
    <a
      href="/"
      onClick={[Function]}
    >
      HomePage
    </a>
    <a
      href="/page2"
      onClick={[Function]}
    >
      SecondPage
    </a>
    <a
      href="/page3"
      onClick={[Function]}
    >
      ThirdPage
    </a>
  </nav>
  <div
    className="makeStyles-grow-2"
  >
    <div
      className="application"
    >
      <div />
    </div>
    <h1>
      This is the Home page
    </h1>
    <img
      alt="duyonoStonePng"
      src="test-file-stub"
    />
  </div>
  <div>
    <h1>
      My Custom React app
    </h1>
  </div>
</div>
`;
